[2026-08-20 23:30:11] [INFO] 检查环境...
[2026-08-20 23:30:11] [OK] gh CLI 已安装
[2026-08-20 23:30:11] [OK] git 仓库检测通过
[2026-08-20 23:30:11] [OK] jq 可用 (v1.8.2)
[2026-08-20 23:30:11] [OK] SHA 工具: sha256sum
[2026-08-20 23:30:11] [OK] 环境检查完成
[2026-08-20 23:30:11] [INFO] GitHub Backend Manager
[2026-08-20 23:30:19] [INFO] 自动发现 so: ./assets/libs/libmain.so
[2026-08-20 23:30:52] [INFO] 发布预览:
[2026-08-20 23:30:58] [INFO] 同步远程 origin/main...
[2026-08-20 23:31:00] [INFO] 本地领先，推送中...
[2026-08-20 23:31:21] [OK] 发布完成: v1000143
[2026-08-20 23:31:21] [INFO] 获取远程标签...
[2026-08-20 23:31:22] [INFO] 将删除 1 个版本:
[2026-08-20 23:31:53] [OK] 删除 release: v1000142
[2026-08-20 23:31:56] [OK] 删除 tag: v1000142
[2026-08-20 23:32:32] [INFO] GitHub Backend Manager
[2026-08-20 23:36:08] [INFO] GitHub Pages 管理
[2026-08-20 23:36:09] [WARN] GitHub Pages 当前未启用或无法访问 (404)
[2026-08-20 23:36:09] [WARN] Pages 未启用
[2026-08-20 23:38:59] [INFO] GitHub Backend Manager
[2026-08-20 23:39:00] [INFO] 再见!
[2026-08-20 23:39:02] [INFO] 检查环境...
[2026-08-20 23:39:02] [OK] gh CLI 已安装
[2026-08-20 23:39:02] [OK] git 仓库检测通过
[2026-08-20 23:39:02] [OK] jq 可用 (v1.8.2)
[2026-08-20 23:39:02] [OK] SHA 工具: sha256sum
[2026-08-20 23:39:02] [OK] 环境检查完成
[2026-08-20 23:39:02] [INFO] GitHub Backend Manager
[2026-08-20 23:39:08] [INFO] 项目状态
[2026-08-20 23:39:08] [INFO] update.json:
[2026-08-20 23:39:08] [INFO] notify.json:
[2026-08-21 05:54:45] [INFO] 检查环境...
[2026-08-21 05:54:45] [OK] gh CLI 已安装
[2026-08-21 05:54:45] [OK] git 仓库检测通过
[2026-08-21 05:54:45] [OK] jq 可用 (v1.8.2)
[2026-08-21 05:54:45] [OK] SHA 工具: sha256sum
[2026-08-21 05:54:45] [OK] 环境检查完成
[2026-08-21 05:54:45] [INFO] GitHub Backend Manager
[2026-08-21 05:54:48] [INFO] 自动发现 so: ./assets/libs/libmain.so
[2026-08-21 05:54:55] [INFO] 发布预览:
[2026-08-21 05:54:58] [INFO] 同步远程 origin/main...
[2026-08-21 05:55:00] [INFO] 本地领先，推送中...
[2026-08-21 05:55:19] [OK] 发布完成: v1000144
[2026-08-21 05:55:19] [INFO] 获取远程标签...
[2026-08-21 05:55:20] [INFO] 将删除 1 个版本:
[2026-08-21 05:55:25] [OK] 删除 release: v1000143
[2026-08-21 05:55:28] [OK] 删除 tag: v1000143
[2026-08-21 05:55:34] [INFO] GitHub Backend Manager
[2026-08-21 06:03:49] [INFO] 自动发现 so: ./assets/libs/libmain.so
[2026-08-21 06:04:00] [INFO] 发布预览:
[2026-08-21 06:04:01] [OK] 已取消
[2026-08-21 06:04:02] [INFO] GitHub Backend Manager
[2026-08-21 06:06:52] [INFO] 自动发现 so: ./assets/libs/libmain.so
[2026-08-21 06:07:19] [INFO] 发布预览:
